// Vitest Snapshot v1, https://vitest.dev/guide/snapshot.html

exports[`Ranking > should render ranking 1`] = `"<h2>記事数ランキング</h2><table><thead><tr><th>順位</th><th>執筆者</th><th>記事数</th></tr></thead><tbody><tr><td>1</td><td><a href="https://qiita.com/userId" target="_blank">userId<span>(userName)</span></a></td><td>10</td></tr></tbody></table><h2>いいね数ランキング</h2><table><thead><tr><th>順位</th><th>執筆者</th><th>いいね数</th></tr></thead><tbody><tr><td>1</td><td><a href="https://qiita.com/userId2">userId2<span>(userName2)</span></a></td><td>11</td></tr></tbody></table>"`;
