// Vitest Snapshot v1, https://vitest.dev/guide/snapshot.html

exports[`Ranking > should render ranking 1`] = `"<div class="grid grid-rows-2 gap-4"><div><h2 id="posts" class="text-3xl">記事数ランキング</h2><table class="table overflow-x-auto table-zebra"><thead><tr><th>順位</th><th>執筆者</th><th>記事数</th></tr></thead><tbody><tr><td>1</td><td><a href="https://qiita.com/userId" target="_blank" rel="noopener noreferrer" class="link">userId<span>(userName)</span></a></td><td>10</td></tr></tbody></table></div><div><h2 id="likes" class="text-3xl">いいね数ランキング</h2><table class="table overflow-x-auto table-zebra"><thead><tr><th>順位</th><th>執筆者</th><th>いいね数</th></tr></thead><tbody><tr><td>1</td><td><a href="https://qiita.com/userId2" rel="noopener noreferrer" class="link">userId2<span>(userName2)</span></a></td><td>11</td></tr></tbody></table></div></div>"`;

exports[`RankingRange > renders ranking date range 1`] = `"<form action="/ranking" method="GET"><label><span class="mr-2">since:</span><input type="date" name="since" value="2024-02-21"/></label><label class="ml-2"><span class="mr-2">until:</span><input type="date" name="until" value="2024-04-01"/></label><div class="pt-4"><button class="btn btn-primary btn-sm" type="submit">検索する</button></div></form>"`;

exports[`RankingScrollMenu > renders ranking scroll menu 1`] = `"<li><details><summary>Menu</summary><ul class="p-2 bg-base-200 rounded-t-none w-56"><li><a href="#posts">投稿数</a></li><li><a href="#likes">いいね数</a></li></ul></details></li>"`;
