// Vitest Snapshot v1, https://vitest.dev/guide/snapshot.html

exports[`ToTopButton > returns button 1`] = `"<a href="#" aria-label="go to the top" class="btn btn-circle btn-accent fixed bottom-2 right-2 z-10"><svg xmlns="http://www.w3.org/2000/svg" width="24" height="24"><path d="m3.293 11.293 1.414 1.414L11 6.414V20h2V6.414l6.293 6.293 1.414-1.414L12 2.586l-8.707 8.707z"></path></svg></a>"`;
