// Vitest Snapshot v1, https://vitest.dev/guide/snapshot.html

exports[`ArticleTable > should render articles html 1`] = `"<table><thead><tr><th>タイトル</th><th>執筆者</th><th>タグ</th><th>いいね数</th><th>ストック数</th></tr></thead><tbody><tr><td><a href="https://qiita.com/userId/items/123456" target="_blank">test-title</a></td><td>userId<span>(userName)</span></td><td><ul></ul></td><td>1</td><td>2</td></tr></tbody></table>"`;
